Microsoft Windows [Version 6.1.7601]
(c) Корпорация Майкрософт (Microsoft Corp.), 2009. Все права защищены.

C:\Users\maksim.datskevich>vagrant global-status
id       name    provider   state   directory
------------------------------------------------------------------------
2ee7f4f  default virtualbox running C:/Users/maksim.datskevich/centos

The above shows information about all known Vagrant environments
on this machine. This data is cached and may not be completely
up-to-date. To interact with any of the machines, you can go to
that directory and run Vagrant, or you can use the ID directly
with Vagrant commands from any directory. For example:
"vagrant destroy 1a2b3c4d"

C:\Users\maksim.datskevich>vagrant global-status --prune
id       name   provider state  directory
--------------------------------------------------------------------
There are no active Vagrant environments on this computer! Or,
you haven't destroyed and recreated Vagrant environments that were
started with an older version of Vagrant.

C:\Users\maksim.datskevich>vagrant global-status
id       name   provider state  directory
--------------------------------------------------------------------
There are no active Vagrant environments on this computer! Or,
you haven't destroyed and recreated Vagrant environments that were
started with an older version of Vagrant.

C:\Users\maksim.datskevich>vagrant global-status
id       name   provider state  directory
--------------------------------------------------------------------
There are no active Vagrant environments on this computer! Or,
you haven't destroyed and recreated Vagrant environments that were
started with an older version of Vagrant.

C:\Users\maksim.datskevich>vagrant box list
centos/7        (virtualbox, 1803.01)
debian/jessie64 (virtualbox, 8.10.0)
ubuntu/trusty64 (virtualbox, 20180423.0.0)

C:\Users\maksim.datskevich>vagrant box add OTUSCent https://github.com/CommanderK5/packer-centos-template/releases/download/0.7.2/vagrant-centos-7.2.box
==> box: Box file was not detected as metadata. Adding it directly...
==> box: Adding box 'OTUSCent' (v0) for provider:
    box: Downloading: https://github.com/CommanderK5/packer-centos-template/releases/download/0.7.2/vagrant-centos-7.2.box
    box: Download redirected to host: github-production-release-asset-2e65be.s3.amazonaws.com
    box: Progress: 100% (Rate: 908k/s, Estimated time remaining: --:--:--)
==> box: Successfully added box 'OTUSCent' (v0) for 'virtualbox'!

C:\Users\maksim.datskevich>vagrant init OTUSCent
`Vagrantfile` already exists in this directory. Remove it before
running `vagrant init`.

C:\Users\maksim.datskevich>cd OTUSCent
Системе не удается найти указанный путь.

C:\Users\maksim.datskevich>vagrant box list
OTUSCent        (virtualbox, 0)
centos/7        (virtualbox, 1803.01)
debian/jessie64 (virtualbox, 8.10.0)
ubuntu/trusty64 (virtualbox, 20180423.0.0)

C:\Users\maksim.datskevich>vagrant add OTUSCent
Usage: vagrant [options] <command> [<args>]

    -v, --version                    Print the version and exit.
    -h, --help                       Print this help.

Common commands:
     box             manages boxes: installation, removal, etc.
     destroy         stops and deletes all traces of the vagrant machine
     global-status   outputs status Vagrant environments for this user
     halt            stops the vagrant machine
     help            shows the help for a subcommand
     init            initializes a new Vagrant environment by creating a Vagrantfile
     login           log in to HashiCorp's Vagrant Cloud
     package         packages a running vagrant environment into a box
     plugin          manages plugins: install, uninstall, update, etc.
     port            displays information about guest port mappings
     powershell      connects to machine via powershell remoting
     provision       provisions the vagrant machine
     push            deploys code in this environment to a configured destination
     rdp             connects to machine via RDP
     reload          restarts vagrant machine, loads new Vagrantfile configuration
     resume          resume a suspended vagrant machine
     snapshot        manages snapshots: saving, restoring, etc.
     ssh             connects to machine via SSH
     ssh-config      outputs OpenSSH valid configuration to connect to the machine
     status          outputs status of the vagrant machine
     suspend         suspends the machine
     up              starts and provisions the vagrant environment
     validate        validates the Vagrantfile
     version         prints current and latest Vagrant version

For help on any individual command run `vagrant COMMAND -h`

Additional subcommands are available, but are either more advanced
or not commonly used. To see all subcommands, run the command
`vagrant list-commands`.

C:\Users\maksim.datskevich>vagrant box add OTUSCent
==> box: Box file was not detected as metadata. Adding it directly...
A name is required when adding a box file directly. Please pass
the `--name` parameter to `vagrant box add`. See
`vagrant box add -h` for more help.

C:\Users\maksim.datskevich>vagrant init OTUSCent
`Vagrantfile` already exists in this directory. Remove it before
running `vagrant init`.

C:\Users\maksim.datskevich>vagrant init
`Vagrantfile` already exists in this directory. Remove it before
running `vagrant init`.

C:\Users\maksim.datskevich>vagrant global-status
id       name   provider state  directory
--------------------------------------------------------------------
There are no active Vagrant environments on this computer! Or,
you haven't destroyed and recreated Vagrant environments that were
started with an older version of Vagrant.

C:\Users\maksim.datskevich>mkdir OTUSCent

C:\Users\maksim.datskevich>cd OTUScent

C:\Users\maksim.datskevich\OTUSCent>vagrant init OTUSCent
A `Vagrantfile` has been placed in this directory. You are now
ready to `vagrant up` your first virtual environment! Please read
the comments in the Vagrantfile as well as documentation on
`vagrantup.com` for more information on using Vagrant.

C:\Users\maksim.datskevich\OTUSCent>vagrant up
Bringing machine 'default' up with 'virtualbox' provider...
==> default: Importing base box 'OTUSCent'...
==> default: Matching MAC address for NAT networking...
==> default: Setting the name of the VM: OTUSCent_default_1525852038874_93699
==> default: Clearing any previously set network interfaces...
==> default: Preparing network interfaces based on configuration...
    default: Adapter 1: nat
==> default: Forwarding ports...
    default: 22 (guest) => 2222 (host) (adapter 1)
==> default: Booting VM...
==> default: Waiting for machine to boot. This may take a few minutes...
    default: SSH address: 127.0.0.1:2222
    default: SSH username: vagrant
    default: SSH auth method: private key
    default:
    default: Vagrant insecure key detected. Vagrant will automatically replace
    default: this with a newly generated keypair for better security.
    default:
    default: Inserting generated public key within guest...
    default: Removing insecure key from the guest if it's present...
    default: Key inserted! Disconnecting and reconnecting using new SSH key...
==> default: Machine booted and ready!
==> default: Checking for guest additions in VM...
    default: The guest additions on this VM do not match the installed version of
    default: VirtualBox! In most cases this is fine, but in rare cases it can
    default: prevent things such as shared folders from working properly. If you see
    default: shared folder errors, please make sure the guest additions within the
    default: virtual machine match the version of VirtualBox you have installed on
    default: your host and reload your VM.
    default:
    default: Guest Additions Version: 4.3.30
    default: VirtualBox Version: 5.2
==> default: Mounting shared folders...
    default: /vagrant => C:/Users/maksim.datskevich/OTUSCent

C:\Users\maksim.datskevich\OTUSCent>vagrant ssh
[vagrant@localhost ~]$





